// Jest Snapshot v1, https://goo.gl/fbAQLP

exports[`test profile page ui 1`] = `
<View
  style={
    Object {
      "backgroundColor": "#fff",
      "flex": 1,
    }
  }
>
  <View
    style={
      Object {
        "alignItems": "center",
      }
    }
  >
    <Image
      source={
        Object {
          "uri": undefined,
        }
      }
      style={
        Object {
          "borderRadius": 60,
          "height": 125,
          "width": 125,
        }
      }
    />
  </View>
  <View
    style={
      Object {
        "flexDirection": "row",
        "justifyContent": "space-between",
        "margin": 10,
      }
    }
  >
    <Text
      style={
        Object {
          "fontSize": 20,
        }
      }
    >
      Name :
    </Text>
    <Text
      style={
        Object {
          "fontSize": 20,
        }
      }
    />
  </View>
  <View
    style={
      Object {
        "flexDirection": "row",
        "justifyContent": "space-between",
        "margin": 10,
      }
    }
  >
    <Text
      style={
        Object {
          "fontSize": 20,
        }
      }
    >
      status:
    </Text>
    <Text
      style={
        Object {
          "fontSize": 20,
        }
      }
    />
  </View>
  <View
    style={
      Object {
        "flexDirection": "row",
        "justifyContent": "space-between",
        "margin": 10,
      }
    }
  >
    <Text
      style={
        Object {
          "fontSize": 20,
        }
      }
    >
      species:
    </Text>
    <Text
      style={
        Object {
          "fontSize": 20,
        }
      }
    />
  </View>
  <View
    style={
      Object {
        "flexDirection": "row",
        "justifyContent": "space-between",
        "margin": 10,
      }
    }
  >
    <Text
      style={
        Object {
          "fontSize": 20,
        }
      }
    >
      gender:
    </Text>
    <Text
      style={
        Object {
          "fontSize": 20,
        }
      }
    />
  </View>
  <View
    style={
      Object {
        "flexDirection": "row",
        "justifyContent": "space-between",
        "margin": 10,
      }
    }
  >
    <Text
      style={
        Object {
          "fontSize": 20,
        }
      }
    >
      location:
    </Text>
    <Text
      style={
        Object {
          "fontSize": 20,
        }
      }
    />
  </View>
  <View
    style={
      Object {
        "flexDirection": "row",
        "justifyContent": "space-between",
        "margin": 10,
      }
    }
  >
    <Text
      style={
        Object {
          "fontSize": 20,
        }
      }
    >
      created:
    </Text>
    <Text
      style={
        Object {
          "fontSize": 20,
        }
      }
    />
  </View>
</View>
`;
